........................................................................ [  4%]
...........................................ss........................... [  9%]
........................................................................ [ 13%]
........................................................................ [ 18%]
.........sssssssssssssssssss...............................ss........... [ 23%]
........................................................................ [ 27%]
.............................................................s.......... [ 32%]
........................................................................ [ 37%]
........................................................................ [ 41%]
...............ss....................................................... [ 46%]
........................................................................ [ 51%]
..............................ss...................................ss... [ 55%]
........................................................................ [ 60%]
........................................................................ [ 64%]
........................................................................ [ 69%]
.........................s.............................................. [ 74%]
........................................................................ [ 78%]
........................................................................ [ 83%]
........................................................................ [ 88%]
........................................................................ [ 92%]
........................................................................ [ 97%]
.......................................s                                 [100%]
============================== warnings summary ===============================
tests/ui/test_xml_editor.py::test_gutter_click_on_fold_glyph_toggles_fold
  C:\Users\BotondZalai-RuzsicsP\docs\Software development\pgtp_editor\.claude\worktrees\xsd-enum-centralization-e47331\tests\ui\test_xml_editor.py:213: DeprecationWarning: Function: 'QMouseEvent.QMouseEvent(QEvent.Type type, const QPointF &localPos, Qt.MouseButton button, QFlags<Qt.MouseButton> buttons, QFlags<Qt.KeyboardModifier> modifiers, const QPointingDevice *device)' is marked as deprecated, please check the documentation for more information.
    event = QMouseEvent(

tests/ui/test_xml_editor.py::test_gutter_click_in_bookmark_strip_toggles_bookmark
  C:\Users\BotondZalai-RuzsicsP\docs\Software development\pgtp_editor\.claude\worktrees\xsd-enum-centralization-e47331\tests\ui\test_xml_editor.py:1261: DeprecationWarning: Function: 'QMouseEvent.QMouseEvent(QEvent.Type type, const QPointF &localPos, Qt.MouseButton button, QFlags<Qt.MouseButton> buttons, QFlags<Qt.KeyboardModifier> modifiers, const QPointingDevice *device)' is marked as deprecated, please check the documentation for more information.
    event = _QMouseEvent_bm(

tests/ui/test_xml_editor.py::test_gutter_click_in_fold_zone_still_toggles_fold
  C:\Users\BotondZalai-RuzsicsP\docs\Software development\pgtp_editor\.claude\worktrees\xsd-enum-centralization-e47331\tests\ui\test_xml_editor.py:1285: DeprecationWarning: Function: 'QMouseEvent.QMouseEvent(QEvent.Type type, const QPointF &localPos, Qt.MouseButton button, QFlags<Qt.MouseButton> buttons, QFlags<Qt.KeyboardModifier> modifiers, const QPointingDevice *device)' is marked as deprecated, please check the documentation for more information.
    event = _QMouseEvent_bm(

-- Docs: https://docs.pytest.org/en/stable/how-to/capture-warnings.html
1520 passed, 32 skipped, 3 warnings in 24.19s
